// Jest Snapshot v1, https://goo.gl/fbAQLP

exports[`renders correctly 1`] = `
<button
  className="Button-sc-1oktj3-0 ldzIPq"
>
  Facebook
</button>
`;
