// Jest Snapshot v1, https://goo.gl/fbAQLP

exports[`renders correctly 1`] = `
<button
  className="Button-sc-30rlp5-0 exRpth"
>
  Facebook
</button>
`;
